// Jest Snapshot v1, https://goo.gl/fbAQLP

exports[`Suggestions Fix automatically 1`] = `
Object {
  "author": Object {
    "name": "Olivier",
    "url": "http://mywebsite.com",
  },
  "bin": Object {},
  "bugs": "https://github.com/mycompany/scratchbook/issues",
  "dependencies": Object {
    "commander": "^8.3.0",
  },
  "description": "some description of the project",
  "devDependencies": Object {
    "typescript": "^4.5.3",
  },
  "engines": Object {
    "node": ">=14",
  },
  "exports": Object {
    ".": Object {
      "default": "./dist/src/index.mjs",
      "import": "./dist/src/index.mjs",
      "types": "./dist/src",
    },
    "./package.json": Object {
      "default": "./package.json",
    },
  },
  "files": Array [
    "dist/src",
    "src",
  ],
  "homepage": "https://github.com/mycompany/scratchbook",
  "keywords": Array [
    "testing",
  ],
  "license": "MIT",
  "name": "scratchbook",
  "peerDependencies": Object {},
  "repository": Object {
    "type": "git",
    "url": "https://github.com/mycompany/scratchbook.git",
  },
  "scripts": Object {
    "build": "yarn reset;tsc --outDir dist",
    "lint": "baldrick lint check",
    "lint:ci": "baldrick lint ci",
    "lint:fix": "baldrick lint fix",
    "norm": "npx baldrick-ts generate -f lib -ga 'mycompany' -ch 'Great Company' -cy 2020 -l MIT -b scratch",
    "norm:g": "baldrick-ts generate -f lib -ga 'mycompany' -ch 'Great Company' -cy 2020 -l MIT -b scratch",
    "ready": "yarn lint && yarn test:cov && yarn outdated",
    "reset": "rm -rf dist; rm -rf report",
    "test": "baldrick test check",
    "test:ci": "baldrick test ci",
    "test:cov": "baldrick test cov",
    "test:fix": "baldrick test fix",
  },
  "type": "module",
  "version": "0.7.0",
}
`;

exports[`Suggestions Suggest tasks to do 1`] = `Array []`;
